{
  "allow_merge_commit": false,
  "allow_rebase_merge": false,
  "allow_squash_merge": true,
  "allow_update_branch": true,
  "delete_branch_on_merge": true,
  "use_squash_pr_title_as_default": true
}
